20:21:41 **** Incremental Build of configuration Debug for project reversi ****
make pre-build main-build 
a9-linaro-pre-build-step
' '
make: No se hace nada para `main-build'.
20:21:43 **** Incremental Build of configuration Debug for project reversi ****
make pre-build main-build 
a9-linaro-pre-build-step
' '
make: No se hace nada para `main-build'.
20:24:25 **** Incremental Build of configuration Debug for project reversi ****
make pre-build main-build 
a9-linaro-pre-build-step
' '
make: No se hace nada para `main-build'.
20:25:11 **** Incremental Build of configuration Debug for project reversi ****
make pre-build main-build 
a9-linaro-pre-build-step
' '
make: No se hace nada para `main-build'.
20:25:30 **** Auto Build of configuration Debug for project reversi ****
make pre-build main-build 
a9-linaro-pre-build-step
' '
'Building file: ../src/main.c'
'Invoking: ARM v7 gcc compiler'
arm-none-eabi-gcc -Wall -O0 -g3 -c -fmessage-length=0 -MT"src/main.o" -mcpu=cortex-a9 -mfpu=vfpv3 -mfloat-abi=hard -I../../reversi_bsp/ps7_cortexa9_0/include -MMD -MP -MF"src/main.d" -MT"src/main.o" -o "src/main.o" "../src/main.c"
../src/main.c: In function 'main':
../src/main.c:24:2: warning: implicit declaration of function 'print' [-Wimplicit-function-declaration]
  print("Hola\n\r");
  ^~~~~
'Finished building: ../src/main.c'
' '
'Building target: reversi.elf'
'Invoking: ARM v7 gcc linker'
arm-none-eabi-gcc -mcpu=cortex-a9 -mfpu=vfpv3 -mfloat-abi=hard -Wl,-build-id=none -specs=Xilinx.spec -Wl,-T -Wl,../src/lscript.ld -L../../reversi_bsp/ps7_cortexa9_0/lib -o "reversi.elf"  ./src/main.o   -Wl,--start-group,-lxil,-lgcc,-lc,--end-group
'Finished building target: reversi.elf'
' '
'Invoking: ARM v7 Print Size'
arm-none-eabi-size reversi.elf  |tee "reversi.elf.size"
   text	   data	    bss	    dec	    hex	filename
  19380	   1148	  22568	  43096	   a858	reversi.elf
'Finished building: reversi.elf.size'
' '
20:26:08 **** Incremental Build of configuration Debug for project reversi ****
make pre-build main-build 
a9-linaro-pre-build-step
' '
make: No se hace nada para `main-build'.
20:26:41 **** Auto Build of configuration Debug for project reversi ****
make pre-build main-build 
a9-linaro-pre-build-step
' '
'Building file: ../src/main.c'
'Invoking: ARM v7 gcc compiler'
arm-none-eabi-gcc -Wall -O0 -g3 -c -fmessage-length=0 -MT"src/main.o" -mcpu=cortex-a9 -mfpu=vfpv3 -mfloat-abi=hard -I../../reversi_bsp/ps7_cortexa9_0/include -MMD -MP -MF"src/main.d" -MT"src/main.o" -o "src/main.o" "../src/main.c"
../src/main.c: In function 'pintarTablero':
../src/main.c:18:3: warning: implicit declaration of function 'print' [-Wimplicit-function-declaration]
   print("Hola\n\r");
   ^~~~~
'Finished building: ../src/main.c'
' '
'Building target: reversi.elf'
'Invoking: ARM v7 gcc linker'
arm-none-eabi-gcc -mcpu=cortex-a9 -mfpu=vfpv3 -mfloat-abi=hard -Wl,-build-id=none -specs=Xilinx.spec -Wl,-T -Wl,../src/lscript.ld -L../../reversi_bsp/ps7_cortexa9_0/lib -o "reversi.elf"  ./src/main.o   -Wl,--start-group,-lxil,-lgcc,-lc,--end-group
'Finished building target: reversi.elf'
' '
'Invoking: ARM v7 Print Size'
arm-none-eabi-size reversi.elf  |tee "reversi.elf.size"
   text	   data	    bss	    dec	    hex	filename
  19388	   1148	  22568	  43104	   a860	reversi.elf
'Finished building: reversi.elf.size'
' '
20:26:46 **** Incremental Build of configuration Debug for project reversi ****
make pre-build main-build 
a9-linaro-pre-build-step
' '
make: No se hace nada para `main-build'.
20:27:17 **** Incremental Build of configuration Debug for project reversi ****
make pre-build main-build 
a9-linaro-pre-build-step
' '
make: No se hace nada para `main-build'.
20:28:00 **** Incremental Build of configuration Debug for project reversi ****
make pre-build main-build 
a9-linaro-pre-build-step
' '
make: No se hace nada para `main-build'.
20:29:09 **** Auto Build of configuration Debug for project reversi ****
make pre-build main-build 
a9-linaro-pre-build-step
' '
'Building file: ../src/main.c'
'Invoking: ARM v7 gcc compiler'
arm-none-eabi-gcc -Wall -O0 -g3 -c -fmessage-length=0 -MT"src/main.o" -mcpu=cortex-a9 -mfpu=vfpv3 -mfloat-abi=hard -I../../reversi_bsp/ps7_cortexa9_0/include -MMD -MP -MF"src/main.d" -MT"src/main.o" -o "src/main.o" "../src/main.c"
../src/main.c: In function 'pintarTablero':
../src/main.c:18:3: warning: implicit declaration of function 'print' [-Wimplicit-function-declaration]
   print("Hola\n\r");
   ^~~~~
'Finished building: ../src/main.c'
' '
'Building target: reversi.elf'
'Invoking: ARM v7 gcc linker'
arm-none-eabi-gcc -mcpu=cortex-a9 -mfpu=vfpv3 -mfloat-abi=hard -Wl,-build-id=none -specs=Xilinx.spec -Wl,-T -Wl,../src/lscript.ld -L../../reversi_bsp/ps7_cortexa9_0/lib -o "reversi.elf"  ./src/main.o   -Wl,--start-group,-lxil,-lgcc,-lc,--end-group
'Finished building target: reversi.elf'
' '
'Invoking: ARM v7 Print Size'
arm-none-eabi-size reversi.elf  |tee "reversi.elf.size"
   text	   data	    bss	    dec	    hex	filename
  71496	   2584	  23328	  97408	  17c80	reversi.elf
'Finished building: reversi.elf.size'
' '
20:29:19 **** Incremental Build of configuration Debug for project reversi ****
make pre-build main-build 
a9-linaro-pre-build-step
' '
make: No se hace nada para `main-build'.
20:46:32 **** Incremental Build of configuration Debug for project reversi ****
make pre-build main-build 
a9-linaro-pre-build-step
' '
make: No se hace nada para `main-build'.
20:46:53 **** Incremental Build of configuration Debug for project reversi ****
make pre-build main-build 
a9-linaro-pre-build-step
' '
make: No se hace nada para `main-build'.
20:47:08 **** Incremental Build of configuration Debug for project reversi ****
make pre-build main-build 
a9-linaro-pre-build-step
' '
make: No se hace nada para `main-build'.
20:47:24 **** Incremental Build of configuration Debug for project reversi ****
make pre-build main-build 
a9-linaro-pre-build-step
' '
make: No se hace nada para `main-build'.
